Microchip MPLAB XC8 Compiler V1.44 ()

Linker command line:

-W-3 --edf=C:\Program Files (x86)\Microchip\xc8\v1.44\dat\en_msgs.txt -cs \
  -h+dist/default/production\calculator.X.production.sym \
  --cmf=dist/default/production\calculator.X.production.cmf -z -Q16F1937 \
  -oC:\Users\anita\AppData\Local\Temp\s96s.2 \
  -Mdist/default/production/calculator.X.production.map -E1 -ver=XC8 \
  -ASTACK=020EEh-021efh -pstack=STACK -ACODE=00h-07FFhx4 \
  -ASTRCODE=00h-01FFFh -ASTRING=00h-0FFhx32 -ACONST=00h-0FFhx32 \
  -AENTRY=00h-0FFhx32 -ACOMMON=070h-07Fh -ABANK0=020h-06Fh \
  -ABANK1=0A0h-0EFh -ABANK2=0120h-016Fh -ABANK3=01A0h-01EFh \
  -ABANK4=0220h-026Fh -ABANK5=02A0h-02EFh -ABANK6=0320h-032Fh \
  -ABIGRAM=02000h-021EFh \
  -ARAM=020h-06Fh,0A0h-0EFh,0120h-016Fh,01A0h-01EFh,0220h-026Fh,02A0h-02EFh,0320h-032Fh \
  -AABS1=020h-07Fh,0A0h-0EFh,0120h-016Fh,01A0h-01EFh,0220h-026Fh,02A0h-02EFh,0320h-032Fh \
  -ASFR0=00h-01Fh -ASFR1=080h-09Fh -ASFR2=0100h-011Fh -ASFR3=0180h-019Fh \
  -ASFR4=0200h-021Fh -ASFR5=0280h-029Fh -ASFR6=0300h-031Fh \
  -ASFR7=0380h-03EFh -ASFR8=0400h-046Fh -ASFR9=0480h-04EFh \
  -ASFR10=0500h-056Fh -ASFR11=0580h-05EFh -ASFR12=0600h-066Fh \
  -ASFR13=0680h-06EFh -ASFR14=0700h-076Fh -ASFR15=0780h-07EFh \
  -ASFR16=0800h-086Fh -ASFR17=0880h-08EFh -ASFR18=0900h-096Fh \
  -ASFR19=0980h-09EFh -ASFR20=0A00h-0A6Fh -ASFR21=0A80h-0AEFh \
  -ASFR22=0B00h-0B6Fh -ASFR23=0B80h-0BEFh -ASFR24=0C00h-0C6Fh \
  -ASFR25=0C80h-0CEFh -ASFR26=0D00h-0D6Fh -ASFR27=0D80h-0DEFh \
  -ASFR28=0E00h-0E6Fh -ASFR29=0E80h-0EEFh -ASFR30=0F00h-0F6Fh \
  -ASFR31=0F80h-0FEFh -preset_vec=00h,intentry,init,end_init -ppowerup=CODE \
  -pcinit=CODE -pfunctab=ENTRY -ACONFIG=08007h-08008h -pconfig=CONFIG \
  -DCONFIG=2 -AIDLOC=08000h-08003h -pidloc=IDLOC -DIDLOC=2 \
  -AEEDATA=00h-0FFh/0F000h -peeprom_data=EEDATA -DEEDATA=2 -DCODE=2 \
  -DSTRCODE=2 -DSTRING=2 -DCONST=2 -DENTRY=2 -k \
  C:\Users\anita\AppData\Local\Temp\s96s.obj \
  dist/default/production\calculator.X.production.obj 

Object code version is 3.11

Machine type is 16F1937



                Name                               Link     Load   Length Selector   Space Scale
C:\Users\anita\AppData\Local\Temp\s96s.obj
                end_init                              2        2        2        0       0
                reset_vec                             0        0        2        0       0
                config                             8007     8007        2    1000E       0
dist/default/production\calculator.X.production.obj
                cinit                               7D8      7D8       28      FB0       0
                text28                             1061     1061        A     20C2       0
                text27                             134E     134E       99     269C       0
                text26                             148F     148F       AA     291E       0
                text25                                B        B       9D       16       0
                text24                              800      800       37      FB0       0
                text23                             1263     1263       64     24C6       0
                text22                             10B3     10B3       22     2166       0
                text21                             13E7     13E7       A8     27CE       0
                text20                             1049     1049        4     2092       0
                text19                             10FD     10FD       3B     21FA       0
                text18                             1059     1059        8     20B2       0
                text17                             15ED     15ED       F6     2BDA       0
                text16                             1095     1095       1E     212A       0
                text15                             12C7     12C7       87     258E       0
                text14                             11BF     11BF       52     237E       0
                text13                             1138     1138       42     2270       0
                text12                             10D5     10D5       28     21AA       0
                text11                             16E3     16E3      11D     2DC6       0
                text10                              837      837       B6     106E       0
                text9                              1211     1211       52     2422       0
                text8                              117A     117A       45     22F4       0
                text7                              1539     1539       B4     2A72       0
                text6                              1079     1079       1C     20F2       0
                text5                               A30      A30      165     1460       0
                text4                                A8       A8      244      150       0
                text3                               B95      B95      46B     172A       0
                text2                               8ED      8ED      143     11DA       0
                text1                              106B     106B        E     20D6       0
                maintext                            2EC      2EC      4EC      5D8       0
                cstackBANK0                          20       20       4B       20       1
                cstackCOMMON                         70       70        E       70       1
                cstackBANK1                          A0       A0       17       A0       1
                cstackBANK2                         120      120       44      120       1
                inittext                           104D     104D        6     209A       0
                dataBANK2                           164      164        6      120       1
                bssBANK2                            16A      16A        4      120       1
                dataBANK1                            BF       BF        6       A0       1
                bssBANK1                             B7       B7        8       A0       1
                stringtext5                        187F     187F        3     3000       0
                stringtext4                        187C     187C        3     3000       0
                stringtext3                        1800     1800       2D     3000       0
                stringtext2                        1855     1855       27     3000       0
                stringtext1                        182D     182D       28     3000       0
                idataBANK2                         1053     1053        6     20A6       0
                idataBANK1                            5        5        6        A       0

TOTAL           Name                               Link     Load   Length     Space
        CLASS   STACK          

        CLASS   CODE           
                end_init                              2        2        2         0
                cinit                               7D8      7D8       28         0
                reset_vec                             0        0        2         0
                text28                             1061     1061        A         0
                text27                             134E     134E       99         0
                text26                             148F     148F       AA         0
                text25                                B        B       9D         0
                text24                              800      800       37         0
                text23                             1263     1263       64         0
                text22                             10B3     10B3       22         0
                text21                             13E7     13E7       A8         0
                text20                             1049     1049        4         0
                text19                             10FD     10FD       3B         0
                text18                             1059     1059        8         0
                text17                             15ED     15ED       F6         0
                text16                             1095     1095       1E         0
                text15                             12C7     12C7       87         0
                text14                             11BF     11BF       52         0
                text13                             1138     1138       42         0
                text12                             10D5     10D5       28         0
                text11                             16E3     16E3      11D         0
                text10                              837      837       B6         0
                text9                              1211     1211       52         0
                text8                              117A     117A       45         0
                text7                              1539     1539       B4         0
                text6                              1079     1079       1C         0
                text5                               A30      A30      165         0
                text4                                A8       A8      244         0
                text3                               B95      B95      46B         0
                text2                               8ED      8ED      143         0
                text1                              106B     106B        E         0
                maintext                            2EC      2EC      4EC         0
                inittext                           104D     104D        6         0
                idataBANK2                         1053     1053        6         0
                idataBANK1                            5        5        6         0

        CLASS   STRCODE        
                stringtext5                        187F     187F        3         0
                stringtext4                        187C     187C        3         0
                stringtext3                        1800     1800       2D         0
                stringtext2                        1855     1855       27         0
                stringtext1                        182D     182D       28         0

        CLASS   STRING         

        CLASS   CONST          

        CLASS   ENTRY          

        CLASS   COMMON         
                cstackCOMMON                         70       70        E         1

        CLASS   BANK0          
                cstackBANK0                          20       20       4B         1

        CLASS   BANK1          
                cstackBANK1                          A0       A0       17         1
                dataBANK1                            BF       BF        6         1
                bssBANK1                             B7       B7        8         1

        CLASS   BANK2          
                cstackBANK2                         120      120       44         1
                dataBANK2                           164      164        6         1
                bssBANK2                            16A      16A        4         1

        CLASS   BANK3          

        CLASS   BANK4          

        CLASS   BANK5          

        CLASS   BANK6          

        CLASS   BIGRAM         

        CLASS   RAM            

        CLASS   ABS1           
                abs_s1                               7E       7E        2         1

        CLASS   SFR0           

        CLASS   SFR1           

        CLASS   SFR2           

        CLASS   SFR3           

        CLASS   SFR4           

        CLASS   SFR5           

        CLASS   SFR6           

        CLASS   SFR7           

        CLASS   SFR8           

        CLASS   SFR9           

        CLASS   SFR10          

        CLASS   SFR11          

        CLASS   SFR12          

        CLASS   SFR13          

        CLASS   SFR14          

        CLASS   SFR15          

        CLASS   SFR16          

        CLASS   SFR17          

        CLASS   SFR18          

        CLASS   SFR19          

        CLASS   SFR20          

        CLASS   SFR21          

        CLASS   SFR22          

        CLASS   SFR23          

        CLASS   SFR24          

        CLASS   SFR25          

        CLASS   SFR26          

        CLASS   SFR27          

        CLASS   SFR28          

        CLASS   SFR29          

        CLASS   SFR30          

        CLASS   SFR31          

        CLASS   CONFIG         
                config                             8007     8007        2         0

        CLASS   IDLOC          

        CLASS   EEDATA         

        CLASS   BANK31         

        CLASS   BANK30         

        CLASS   BANK29         

        CLASS   BANK28         

        CLASS   BANK27         

        CLASS   BANK26         

        CLASS   BANK25         

        CLASS   BANK24         

        CLASS   BANK23         

        CLASS   BANK22         

        CLASS   BANK21         

        CLASS   BANK20         

        CLASS   BANK19         

        CLASS   BANK18         

        CLASS   BANK17         

        CLASS   BANK16         

        CLASS   BANK15         

        CLASS   BANK14         

        CLASS   BANK13         

        CLASS   BANK12         

        CLASS   BANK11         

        CLASS   BANK10         

        CLASS   BANK9          

        CLASS   BANK8          

        CLASS   BANK7          



SEGMENTS        Name                           Load    Length   Top    Selector   Space  Class     Delta

                reset_vec                      000000  000004  000004         0       0  CODE        2
                idataBANK1                     000005  000006  00000B         A       0  CODE        2
                text25                         00000B  00009D  0000A8        16       0  CODE        2
                cstackBANK0                    000020  00004B  00006B        20       1  BANK0       1
                cstackCOMMON                   000070  00000E  00007E        70       1  COMMON      1
                cstackBANK1                    0000A0  000025  0000C5        A0       1  BANK1       1
                cstackBANK2                    000120  00004E  00016E       120       1  BANK2       1
                text4                          0000A8  000244  0002EC       150       0  CODE        2
                maintext                       0002EC  0004EC  0007D8       5D8       0  CODE        2
                cinit                          0007D8  00005F  000837       FB0       0  CODE        2
                text10                         000837  0000B6  0008ED      106E       0  CODE        2
                text2                          0008ED  000143  000A30      11DA       0  CODE        2
                text5                          000A30  000165  000B95      1460       0  CODE        2
                text3                          000B95  00046B  001000      172A       0  CODE        2
                text20                         001049  000004  00104D      2092       0  CODE        2
                inittext                       00104D  000006  001053      209A       0  CODE        2
                idataBANK2                     001053  000006  001059      20A6       0  CODE        2
                text18                         001059  000008  001061      20B2       0  CODE        2
                text28                         001061  00000A  00106B      20C2       0  CODE        2
                text1                          00106B  00000E  001079      20D6       0  CODE        2
                text6                          001079  00001C  001095      20F2       0  CODE        2
                text16                         001095  00001E  0010B3      212A       0  CODE        2
                text22                         0010B3  000022  0010D5      2166       0  CODE        2
                text12                         0010D5  000028  0010FD      21AA       0  CODE        2
                text19                         0010FD  00003B  001138      21FA       0  CODE        2
                text13                         001138  000042  00117A      2270       0  CODE        2
                text8                          00117A  000045  0011BF      22F4       0  CODE        2
                text14                         0011BF  000052  001211      237E       0  CODE        2
                text9                          001211  000052  001263      2422       0  CODE        2
                text23                         001263  000064  0012C7      24C6       0  CODE        2
                text15                         0012C7  000087  00134E      258E       0  CODE        2
                text27                         00134E  000099  0013E7      269C       0  CODE        2
                text21                         0013E7  0000A8  00148F      27CE       0  CODE        2
                text26                         00148F  0000AA  001539      291E       0  CODE        2
                text7                          001539  0000B4  0015ED      2A72       0  CODE        2
                text17                         0015ED  0000F6  0016E3      2BDA       0  CODE        2
                text11                         0016E3  00011D  001800      2DC6       0  CODE        2
                stringtext3                    001800  000082  001882      3000       0  STRCODE     2
                config                         008007  000002  008009     1000E       0  CONFIG      2


UNUSED ADDRESS RANGES

        Name                Unused          Largest block    Delta
        BANK0            0006B-0006F               5           1
        BANK1            000C5-000EF              2B           1
        BANK2            0016E-0016F               2           1
        BANK3            001A0-001EF              50           1
        BANK4            00220-0026F              50           1
        BANK5            002A0-002EF              50           1
        BANK6            00320-0032F              10           1
        BIGRAM           02000-021EF             1F0           1
        CODE             00004-00004               1           2
                         01000-01048              49
                         01882-01FFF             77E
        CONST            00004-00004               1           2
                         01000-01048              49
                         01882-01FFF             100
        EEDATA           0F000-0F0FF             100           2
        ENTRY            00004-00004               1           2
                         01000-01048              49
                         01882-01FFF             100
        IDLOC            08000-08003               4           2
        RAM              0006B-0006F               5           1
                         000C5-000EF              2B
                         0016E-0016F               2
                         001A0-001EF              50
                         00220-0026F              50
                         002A0-002EF              50
                         00320-0032F              10
        SFR0             00000-0001F              20           1
        SFR1             00080-0009F              20           1
        SFR10            00500-0056F              70           1
        SFR11            00580-005EF              70           1
        SFR12            00600-0066F              70           1
        SFR13            00680-006EF              70           1
        SFR14            00700-0076F              70           1
        SFR15            00780-007EF              70           1
        SFR16            00800-0086F              70           1
        SFR17            00880-008EF              70           1
        SFR18            00900-0096F              70           1
        SFR19            00980-009EF              70           1
        SFR2             00100-0011F              20           1
        SFR20            00A00-00A6F              70           1
        SFR21            00A80-00AEF              70           1
        SFR22            00B00-00B6F              70           1
        SFR23            00B80-00BEF              70           1
        SFR24            00C00-00C6F              70           1
        SFR25            00C80-00CEF              70           1
        SFR26            00D00-00D6F              70           1
        SFR27            00D80-00DEF              70           1
        SFR28            00E00-00E6F              70           1
        SFR29            00E80-00EEF              70           1
        SFR3             00180-0019F              20           1
        SFR30            00F00-00F6F              70           1
        SFR31            00F80-00FEF              70           1
        SFR4             00200-0021F              20           1
        SFR5             00280-0029F              20           1
        SFR6             00300-0031F              20           1
        SFR7             00380-003EF              70           1
        SFR8             00400-0046F              70           1
        SFR9             00480-004EF              70           1
        STACK            020EE-021EF             102           1
        STRCODE          00004-00004               1           2
                         01000-01048              49
                         01882-01FFF             77E
        STRING           00004-00004               1           2
                         01000-01048              49
                         01882-01FFF             100

                                  Symbol Table

?___awdiv                   cstackCOMMON 00077
?___awmod                   cstackCOMMON 00070
?___awtoft                  cstackBANK0  00028
?___ftadd                   cstackBANK0  00046
?___ftdiv                   cstackCOMMON 00078
?___ftmul                   cstackBANK0  00028
?___ftneg                   cstackCOMMON 00070
?___ftpack                  cstackCOMMON 00070
?___ftsub                   cstackBANK0  00053
?___fttol                   cstackBANK0  00041
?___lldiv                   cstackCOMMON 00070
?___llmod                   cstackCOMMON 00070
?___lltoft                  cstackCOMMON 00078
?___wmul                    cstackBANK0  00024
?__div_to_l_                cstackCOMMON 00070
?__tdiv_to_l_               cstackCOMMON 00070
?_fround                    cstackBANK0  00038
?_scale                     cstackBANK0  00038
?_sprintf                   cstackBANK0  00059
Lcd_Chr_CP@data             cstackCOMMON 00072
Lcd_Cmd@data                cstackCOMMON 00072
Lcd_Init@data               cstackCOMMON 00074
Lcd_Out@buffer              cstackCOMMON 00074
Lcd_Out@data                cstackCOMMON 00078
Lcd_Out@x                   cstackCOMMON 00073
Lcd_Out@y                   cstackCOMMON 00077
_ANSELB                     (abs)        0018D
_ANSELD                     (abs)        0018F
_InitKeypad                 text28       01061
_Lcd_Chr_CP                 text25       0000B
_Lcd_Cmd                    text27       0134E
_Lcd_Init                   text26       0148F
_Lcd_Out                    text24       00800
_OPTION_REG                 (abs)        00095
_OSCCONbits                 (abs)        00099
_PORTB                      (abs)        0000D
_PORTC                      (abs)        0000E
_PORTDbits                  (abs)        0000F
_RB0                        (abs)        00068
_RB1                        (abs)        00069
_RB2                        (abs)        0006A
_RB3                        (abs)        0006B
_RB4                        (abs)        0006C
_RB5                        (abs)        0006D
_RB6                        (abs)        0006E
_RB7                        (abs)        0006F
_TRISB                      (abs)        0008D
_TRISC                      (abs)        0008E
_TRISDbits                  (abs)        0008F
__CFG_BOREN$OFF             (abs)        00000
__CFG_CP$OFF                (abs)        00000
__CFG_CPD$OFF               (abs)        00000
__CFG_FOSC$INTOSC           (abs)        00000
__CFG_LVP$OFF               (abs)        00000
__CFG_PWRTE$OFF             (abs)        00000
__CFG_WDTE$OFF              (abs)        00000
__Habs1                     abs1         00000
__Hbank0                    bank0        00000
__Hbank1                    bank1        00000
__Hbank10                   bank10       00000
__Hbank11                   bank11       00000
__Hbank12                   bank12       00000
__Hbank13                   bank13       00000
__Hbank14                   bank14       00000
__Hbank15                   bank15       00000
__Hbank16                   bank16       00000
__Hbank17                   bank17       00000
__Hbank18                   bank18       00000
__Hbank19                   bank19       00000
__Hbank2                    bank2        00000
__Hbank20                   bank20       00000
__Hbank21                   bank21       00000
__Hbank22                   bank22       00000
__Hbank23                   bank23       00000
__Hbank24                   bank24       00000
__Hbank25                   bank25       00000
__Hbank26                   bank26       00000
__Hbank27                   bank27       00000
__Hbank28                   bank28       00000
__Hbank29                   bank29       00000
__Hbank3                    bank3        00000
__Hbank30                   bank30       00000
__Hbank31                   bank31       00000
__Hbank4                    bank4        00000
__Hbank5                    bank5        00000
__Hbank6                    bank6        00000
__Hbank7                    bank7        00000
__Hbank8                    bank8        00000
__Hbank9                    bank9        00000
__Hbigram                   bigram       00000
__HbssBANK1                 bssBANK1     00000
__HbssBANK2                 bssBANK2     00000
__Hcinit                    cinit        00800
__Hclrtext                  clrtext      00000
__Hcode                     code         00000
__Hcommon                   common       00000
__Hconfig                   config       08009
__HcstackBANK0              cstackBANK0  00000
__HcstackBANK1              cstackBANK1  00000
__HcstackBANK2              cstackBANK2  00000
__HcstackCOMMON             cstackCOMMON 00000
__HdataBANK1                dataBANK1    00000
__HdataBANK2                dataBANK2    00000
__Heeprom_data              eeprom_data  00000
__Hend_init                 end_init     00004
__Hfunctab                  functab      00000
__HidataBANK1               idataBANK1   00000
__HidataBANK2               idataBANK2   00000
__Hidloc                    idloc        00000
__Hinit                     init         00002
__Hinittext                 inittext     00000
__Hintentry                 intentry     00002
__Hmaintext                 maintext     00000
__Hpowerup                  powerup      00000
__Hram                      ram          00000
__Hreset_vec                reset_vec    00002
__Hsfr0                     sfr0         00000
__Hsfr1                     sfr1         00000
__Hsfr10                    sfr10        00000
__Hsfr11                    sfr11        00000
__Hsfr12                    sfr12        00000
__Hsfr13                    sfr13        00000
__Hsfr14                    sfr14        00000
__Hsfr15                    sfr15        00000
__Hsfr16                    sfr16        00000
__Hsfr17                    sfr17        00000
__Hsfr18                    sfr18        00000
__Hsfr19                    sfr19        00000
__Hsfr2                     sfr2         00000
__Hsfr20                    sfr20        00000
__Hsfr21                    sfr21        00000
__Hsfr22                    sfr22        00000
__Hsfr23                    sfr23        00000
__Hsfr24                    sfr24        00000
__Hsfr25                    sfr25        00000
__Hsfr26                    sfr26        00000
__Hsfr27                    sfr27        00000
__Hsfr28                    sfr28        00000
__Hsfr29                    sfr29        00000
__Hsfr3                     sfr3         00000
__Hsfr30                    sfr30        00000
__Hsfr31                    sfr31        00000
__Hsfr4                     sfr4         00000
__Hsfr5                     sfr5         00000
__Hsfr6                     sfr6         00000
__Hsfr7                     sfr7         00000
__Hsfr8                     sfr8         00000
__Hsfr9                     sfr9         00000
__Hspace_0                  (abs)        08009
__Hspace_1                  (abs)        0016E
__Hspace_2                  (abs)        00000
__Hspace_3                  (abs)        00000
__Hstack                    stack        00000
__Hstrings                  strings      00000
__Hstringtext1              stringtext1  00000
__Hstringtext2              stringtext2  00000
__Hstringtext3              stringtext3  00000
__Hstringtext4              stringtext4  00000
__Hstringtext5              stringtext5  00000
__Hstringtext6              stringtext6  00000
__Htext                     text         00000
__Labs1                     abs1         00000
__Lbank0                    bank0        00000
__Lbank1                    bank1        00000
__Lbank10                   bank10       00000
__Lbank11                   bank11       00000
__Lbank12                   bank12       00000
__Lbank13                   bank13       00000
__Lbank14                   bank14       00000
__Lbank15                   bank15       00000
__Lbank16                   bank16       00000
__Lbank17                   bank17       00000
__Lbank18                   bank18       00000
__Lbank19                   bank19       00000
__Lbank2                    bank2        00000
__Lbank20                   bank20       00000
__Lbank21                   bank21       00000
__Lbank22                   bank22       00000
__Lbank23                   bank23       00000
__Lbank24                   bank24       00000
__Lbank25                   bank25       00000
__Lbank26                   bank26       00000
__Lbank27                   bank27       00000
__Lbank28                   bank28       00000
__Lbank29                   bank29       00000
__Lbank3                    bank3        00000
__Lbank30                   bank30       00000
__Lbank31                   bank31       00000
__Lbank4                    bank4        00000
__Lbank5                    bank5        00000
__Lbank6                    bank6        00000
__Lbank7                    bank7        00000
__Lbank8                    bank8        00000
__Lbank9                    bank9        00000
__Lbigram                   bigram       00000
__LbssBANK1                 bssBANK1     00000
__LbssBANK2                 bssBANK2     00000
__Lcinit                    cinit        007D8
__Lclrtext                  clrtext      00000
__Lcode                     code         00000
__Lcommon                   common       00000
__Lconfig                   config       08007
__LcstackBANK0              cstackBANK0  00000
__LcstackBANK1              cstackBANK1  00000
__LcstackBANK2              cstackBANK2  00000
__LcstackCOMMON             cstackCOMMON 00000
__LdataBANK1                dataBANK1    00000
__LdataBANK2                dataBANK2    00000
__Leeprom_data              eeprom_data  00000
__Lend_init                 end_init     00002
__Lfunctab                  functab      00000
__LidataBANK1               idataBANK1   00000
__LidataBANK2               idataBANK2   00000
__Lidloc                    idloc        00000
__Linit                     init         00002
__Linittext                 inittext     00000
__Lintentry                 intentry     00002
__Lmaintext                 maintext     00000
__Lpowerup                  powerup      00000
__Lram                      ram          00000
__Lreset_vec                reset_vec    00000
__Lsfr0                     sfr0         00000
__Lsfr1                     sfr1         00000
__Lsfr10                    sfr10        00000
__Lsfr11                    sfr11        00000
__Lsfr12                    sfr12        00000
__Lsfr13                    sfr13        00000
__Lsfr14                    sfr14        00000
__Lsfr15                    sfr15        00000
__Lsfr16                    sfr16        00000
__Lsfr17                    sfr17        00000
__Lsfr18                    sfr18        00000
__Lsfr19                    sfr19        00000
__Lsfr2                     sfr2         00000
__Lsfr20                    sfr20        00000
__Lsfr21                    sfr21        00000
__Lsfr22                    sfr22        00000
__Lsfr23                    sfr23        00000
__Lsfr24                    sfr24        00000
__Lsfr25                    sfr25        00000
__Lsfr26                    sfr26        00000
__Lsfr27                    sfr27        00000
__Lsfr28                    sfr28        00000
__Lsfr29                    sfr29        00000
__Lsfr3                     sfr3         00000
__Lsfr30                    sfr30        00000
__Lsfr31                    sfr31        00000
__Lsfr4                     sfr4         00000
__Lsfr5                     sfr5         00000
__Lsfr6                     sfr6         00000
__Lsfr7                     sfr7         00000
__Lsfr8                     sfr8         00000
__Lsfr9                     sfr9         00000
__Lspace_0                  (abs)        00000
__Lspace_1                  (abs)        00000
__Lspace_2                  (abs)        00000
__Lspace_3                  (abs)        00000
__Lstack                    stack        00000
__Lstrings                  strings      00000
__Lstringtext1              stringtext1  00000
__Lstringtext2              stringtext2  00000
__Lstringtext3              stringtext3  00000
__Lstringtext4              stringtext4  00000
__Lstringtext5              stringtext5  00000
__Lstringtext6              stringtext6  00000
__Ltext                     text         00000
__S0                        (abs)        08009
__S1                        (abs)        0016E
__S2                        (abs)        00000
__S3                        (abs)        00000
___awdiv                    text9        01211
___awdiv@counter            cstackBANK0  00020
___awdiv@dividend           cstackCOMMON 00079
___awdiv@divisor            cstackCOMMON 00077
___awdiv@quotient           cstackBANK0  00022
___awdiv@sign               cstackBANK0  00021
___awmod                    text8        0117A
___awmod@counter            cstackCOMMON 00075
___awmod@dividend           cstackCOMMON 00072
___awmod@divisor            cstackCOMMON 00070
___awmod@sign               cstackCOMMON 00076
___awtoft                   text22       010B3
___awtoft@c                 cstackBANK0  00028
___awtoft@sign              cstackBANK0  0002D
___ftadd                    text17       015ED
___ftadd@exp1               cstackBANK0  00052
___ftadd@exp2               cstackBANK0  00051
___ftadd@f1                 cstackBANK0  00046
___ftadd@f2                 cstackBANK0  00049
___ftadd@sign               cstackBANK0  00050
___ftdiv                    text21       013E7
___ftdiv@cntr               cstackBANK0  00024
___ftdiv@exp                cstackBANK0  00028
___ftdiv@f1                 cstackCOMMON 0007B
___ftdiv@f2                 cstackCOMMON 00078
___ftdiv@f3                 cstackBANK0  00025
___ftdiv@sign               cstackBANK0  00029
___ftge                     text19       010FD
___ftge@ff1                 cstackCOMMON 00070
___ftge@ff2                 cstackCOMMON 00073
___ftmul                    text7        01539
___ftmul@cntr               cstackBANK0  00036
___ftmul@exp                cstackBANK0  00032
___ftmul@f1                 cstackBANK0  00028
___ftmul@f2                 cstackBANK0  0002B
___ftmul@f3_as_product      cstackBANK0  00033
___ftmul@sign               cstackBANK0  00037
___ftneg                    text18       01059
___ftneg@f1                 cstackCOMMON 00070
___ftpack                   text23       01263
___ftpack@arg               cstackCOMMON 00070
___ftpack@exp               cstackCOMMON 00073
___ftpack@sign              cstackCOMMON 00074
___ftsub                    text16       01095
___ftsub@f1                 cstackBANK0  00056
___ftsub@f2                 cstackBANK0  00053
___fttol                    text15       012C7
___fttol@exp1               cstackBANK0  0004E
___fttol@f1                 cstackBANK0  00041
___fttol@lval               cstackBANK0  0004A
___fttol@sign1              cstackBANK0  00049
___int_sp                   stack        00000
___latbits                  (abs)        00002
___lldiv                    text14       011BF
___lldiv@counter            cstackCOMMON 0007D
___lldiv@dividend           cstackCOMMON 00074
___lldiv@divisor            cstackCOMMON 00070
___lldiv@quotient           cstackCOMMON 00079
___llmod                    text13       01138
___llmod@counter            cstackCOMMON 00079
___llmod@dividend           cstackCOMMON 00074
___llmod@divisor            cstackCOMMON 00070
___lltoft                   text12       010D5
___lltoft@c                 cstackCOMMON 00078
___lltoft@exp               cstackCOMMON 0007D
___sp                       stack        00000
___wmul                     text6        01079
___wmul@multiplicand        cstackBANK0  00026
___wmul@multiplier          cstackBANK0  00024
___wmul@product             cstackCOMMON 0007C
__div_to_l_                 text11       016E3
__div_to_l_@cntr            cstackBANK0  00024
__div_to_l_@exp1            cstackBANK0  00025
__div_to_l_@f1              cstackCOMMON 00070
__div_to_l_@f2              cstackCOMMON 00073
__div_to_l_@quot            cstackBANK0  00020
__end_of_InitKeypad         text28       0106B
__end_of_Lcd_Chr_CP         text25       000A8
__end_of_Lcd_Cmd            text27       013E7
__end_of_Lcd_Init           text26       01539
__end_of_Lcd_Out            text24       00837
__end_of___awdiv            text9        01263
__end_of___awmod            text8        011BF
__end_of___awtoft           text22       010D5
__end_of___ftadd            text17       016E3
__end_of___ftdiv            text21       0148F
__end_of___ftge             text19       01138
__end_of___ftmul            text7        015ED
__end_of___ftneg            text18       01061
__end_of___ftpack           text23       012C7
__end_of___ftsub            text16       010B3
__end_of___fttol            text15       0134E
__end_of___lldiv            text14       01211
__end_of___llmod            text13       0117A
__end_of___lltoft           text12       010FD
__end_of___wmul             text6        01095
__end_of__div_to_l_         text11       01800
__end_of__initialization    cinit        007FD
__end_of__npowers_          stringtext3  01827
__end_of__powers_           stringtext2  0187C
__end_of__tdiv_to_l_        text10       008ED
__end_of_clear              text20       0104D
__end_of_dpowers            stringtext1  01855
__end_of_fround             text5        00B95
__end_of_keypad_scanner     text2        00A30
__end_of_main               maintext     007D8
__end_of_scale              text4        002EC
__end_of_sprintf            text3        01000
__end_of_switch_press_scan  text1        01079
__initialization            cinit        007D8
__npowers_                  stringtext3  01800
__pbssBANK1                 bssBANK1     000B7
__pbssBANK2                 bssBANK2     0016A
__pcstackBANK0              cstackBANK0  00020
__pcstackBANK1              cstackBANK1  000A0
__pcstackBANK2              cstackBANK2  00120
__pcstackCOMMON             cstackCOMMON 00070
__pdataBANK1                dataBANK1    000BF
__pdataBANK2                dataBANK2    00164
__pidataBANK1               idataBANK1   00005
__pidataBANK2               idataBANK2   01053
__pmaintext                 maintext     002EC
__powers_                   stringtext2  01855
__pstringtext1              stringtext1  0182D
__pstringtext2              stringtext2  01855
__pstringtext3              stringtext3  01800
__pstringtext4              stringtext4  0187C
__pstringtext5              stringtext5  0187F
__pstringtext6              stringtext6  00000
__ptext1                    text1        0106B
__ptext10                   text10       00837
__ptext11                   text11       016E3
__ptext12                   text12       010D5
__ptext13                   text13       01138
__ptext14                   text14       011BF
__ptext15                   text15       012C7
__ptext16                   text16       01095
__ptext17                   text17       015ED
__ptext18                   text18       01059
__ptext19                   text19       010FD
__ptext2                    text2        008ED
__ptext20                   text20       01049
__ptext21                   text21       013E7
__ptext22                   text22       010B3
__ptext23                   text23       01263
__ptext24                   text24       00800
__ptext25                   text25       0000B
__ptext26                   text26       0148F
__ptext27                   text27       0134E
__ptext28                   text28       01061
__ptext3                    text3        00B95
__ptext4                    text4        000A8
__ptext5                    text5        00A30
__ptext6                    text6        01079
__ptext7                    text7        01539
__ptext8                    text8        0117A
__ptext9                    text9        01211
__size_of_InitKeypad        (abs)        00000
__size_of_Lcd_Chr_CP        (abs)        00000
__size_of_Lcd_Cmd           (abs)        00000
__size_of_Lcd_Init          (abs)        00000
__size_of_Lcd_Out           (abs)        00000
__size_of___awdiv           (abs)        00000
__size_of___awmod           (abs)        00000
__size_of___awtoft          (abs)        00000
__size_of___ftadd           (abs)        00000
__size_of___ftdiv           (abs)        00000
__size_of___ftge            (abs)        00000
__size_of___ftmul           (abs)        00000
__size_of___ftneg           (abs)        00000
__size_of___ftpack          (abs)        00000
__size_of___ftsub           (abs)        00000
__size_of___fttol           (abs)        00000
__size_of___lldiv           (abs)        00000
__size_of___llmod           (abs)        00000
__size_of___lltoft          (abs)        00000
__size_of___wmul            (abs)        00000
__size_of__div_to_l_        (abs)        00000
__size_of__tdiv_to_l_       (abs)        00000
__size_of_clear             (abs)        00000
__size_of_fround            (abs)        00000
__size_of_keypad_scanner    (abs)        00000
__size_of_main              (abs)        00000
__size_of_scale             (abs)        00000
__size_of_sprintf           (abs)        00000
__size_of_switch_press_scan (abs)        00000
__tdiv_to_l_                text10       00837
__tdiv_to_l_@cntr           cstackBANK0  00024
__tdiv_to_l_@exp1           cstackBANK0  00025
__tdiv_to_l_@f1             cstackCOMMON 00070
__tdiv_to_l_@f2             cstackCOMMON 00073
__tdiv_to_l_@quot           cstackBANK0  00020
_clear                      text20       01049
_dpowers                    stringtext1  0182D
_fround                     text5        00A30
_fround$674                 cstackBANK0  00042
_fround$675                 cstackBANK0  0003F
_keypad_scanner             text2        008ED
_main                       maintext     002EC
_scale                      text4        000A8
_scale$676                  cstackBANK0  0003D
_sprintf                    text3        00B95
_sprintf$677                cstackBANK1  000A0
_switch_press_scan          text1        0106B
btemp                       (abs)        0007E
end_of_initialization       cinit        007FD
fround@prec                 cstackBANK0  00045
init_ram                    inittext     0104D
intlevel0                   functab      00000
intlevel1                   functab      00000
intlevel2                   functab      00000
intlevel3                   functab      00000
intlevel4                   functab      00000
intlevel5                   functab      00000
main@F3635                  dataBANK2    00164
main@F3637                  dataBANK1    000BF
main@F3639                  bssBANK1     000B7
main@F3645                  bssBANK2     0016A
main@buffer                 cstackBANK2  00120
main@clc                    cstackBANK2  00151
main@i                      cstackBANK2  00162
main@i_198                  cstackBANK2  0014D
main@i_203                  cstackBANK2  00160
main@i_206                  cstackBANK2  0014F
main@j                      cstackBANK2  0015C
main@j_205                  cstackBANK2  0015E
main@num                    cstackBANK2  00140
main@num1                   cstackBANK2  00156
main@num2                   cstackBANK2  00159
main@number                 cstackBANK2  00145
main@op                     cstackBANK2  00144
main@operation              cstackBANK2  00153
main@udc                    cstackBANK2  00134
main@udc1                   cstackBANK2  0013A
reset_vec                   reset_vec    00000
scale@scl                   cstackBANK0  00040
sprintf@ap                  cstackBANK1  000A3
sprintf@c                   cstackBANK1  000B5
sprintf@exp                 cstackBANK1  000AC
sprintf@f                   cstackBANK0  00059
sprintf@flag                cstackBANK1  000A4
sprintf@fval                cstackBANK1  000B2
sprintf@prec                cstackBANK1  000A6
sprintf@sp                  cstackBANK1  000B6
sprintf@tmpval              cstackBANK1  000AE
sprintf@val                 cstackBANK1  000A8
stackhi                     (abs)        021EF
stacklo                     (abs)        020EE
start                       init         00002
start_initialization        cinit        007D8
switch_press_scan@key       cstackCOMMON 00073
wtemp0                      (abs)        0007E


FUNCTION INFORMATION:

 *************** function _main *****************
 Defined at:
		line 15 in file "main.c"
 Parameters:    Size  Location     Type
		None
 Auto vars:     Size  Location     Type
  j               2   62[BANK2 ] int 
  j               2   60[BANK2 ] int 
  i               2   47[BANK2 ] int 
  i               2   64[BANK2 ] int 
  i               2   45[BANK2 ] int 
  i               2   66[BANK2 ] int 
  buffer         20    0[BANK2 ] unsigned char [20]
  number          8   37[BANK2 ] int [4]
  udc1            6   26[BANK2 ] int [3]
  udc             6   20[BANK2 ] int [3]
  num             4   32[BANK2 ] unsigned char [4]
  num2            3   57[BANK2 ] float 
  num1            3   54[BANK2 ] float 
  operation       3   51[BANK2 ] float 
  clc             2   49[BANK2 ] int 
  op              1   36[BANK2 ] unsigned char 
 Return value:  Size  Location     Type
                  1    wreg      void 
 Registers used:
		wreg, fsr0l, fsr0h, fsr1l, fsr1h, status,2, status,0, pclath, cstack
 Tracked objects:
		On entry : 
		On exit  : 
		Unchanged: 
 Data sizes:     COMMON   BANK0   BANK1   BANK2   BANK3   BANK4   BANK5   BANK6
      Params:         0       0       0       0       0       0       0       0
      Locals:         0       0       0      68       0       0       0       0
      Temps:          0       7       0       0       0       0       0       0
      Totals:         0       7       0      68       0       0       0       0
Total ram usage:       75 bytes
 Hardware stack levels required when called:    4
 This function calls:
		_InitKeypad
		_Lcd_Cmd
		_Lcd_Init
		_Lcd_Out
		___awtoft
		___ftadd
		___ftdiv
		___ftmul
		___ftneg
		___wmul
		_clear
		_sprintf
		_switch_press_scan
 This function is called by:
		Startup code after reset
 This function uses a non-reentrant model


 *************** function _switch_press_scan *****************
 Defined at:
		line 49 in file "Keypad.c"
 Parameters:    Size  Location     Type
		None
 Auto vars:     Size  Location     Type
  key             1    3[COMMON] unsigned char 
 Return value:  Size  Location     Type
                  1    wreg      unsigned char 
 Registers used:
		wreg, status,2, status,0, pclath, cstack
 Tracked objects:
		On entry : 
		On exit  : 
		Unchanged: 
 Data sizes:     COMMON   BANK0   BANK1   BANK2   BANK3   BANK4   BANK5   BANK6
      Params:         0       0       0       0       0       0       0       0
      Locals:         1       0       0       0       0       0       0       0
      Temps:          1       0       0       0       0       0       0       0
      Totals:         2       0       0       0       0       0       0       0
Total ram usage:        2 bytes
 Hardware stack levels used:    1
 Hardware stack levels required when called:    1
 This function calls:
		_keypad_scanner
 This function is called by:
		_main
 This function uses a non-reentrant model


 *************** function _keypad_scanner *****************
 Defined at:
		line 13 in file "Keypad.c"
 Parameters:    Size  Location     Type
		None
 Auto vars:     Size  Location     Type
		None
 Return value:  Size  Location     Type
                  1    wreg      unsigned char 
 Registers used:
		wreg
 Tracked objects:
		On entry : 
		On exit  : 
		Unchanged: 
 Data sizes:     COMMON   BANK0   BANK1   BANK2   BANK3   BANK4   BANK5   BANK6
      Params:         0       0       0       0       0       0       0       0
      Locals:         0       0       0       0       0       0       0       0
      Temps:          2       0       0       0       0       0       0       0
      Totals:         2       0       0       0       0       0       0       0
Total ram usage:        2 bytes
 Hardware stack levels used:    1
 This function calls:
		Nothing
 This function is called by:
		_switch_press_scan
 This function uses a non-reentrant model


 *************** function _sprintf *****************
 Defined at:
		line 492 in file "C:\Program Files (x86)\Microchip\xc8\v1.44\sources\common\doprnt.c"
 Parameters:    Size  Location     Type
  sp              1    wreg     PTR unsigned char 
		 -> main@buffer(20), 
  f               2   57[BANK0 ] PTR const unsigned char 
		 -> STR_10(3), STR_9(3), STR_8(3), STR_7(3), 
		 -> STR_6(3), STR_5(3), STR_4(3), STR_3(3), 
		 -> STR_2(3), STR_1(3), 
 Auto vars:     Size  Location     Type
  sp              1   22[BANK1 ] PTR unsigned char 
		 -> main@buffer(20), 
  tmpval          4   14[BANK1 ] struct .
  val             4    8[BANK1 ] unsigned long 
  fval            3   18[BANK1 ] unsigned long 
  exp             2   12[BANK1 ] int 
  prec            2    6[BANK1 ] int 
  flag            2    4[BANK1 ] unsigned short 
  cp              2    0        PTR const unsigned char 
  len             2    0        unsigned int 
  width           2    0        int 
  c               1   21[BANK1 ] char 
  ap              1    3[BANK1 ] PTR void [1]
		 -> ?_sprintf(2), 
  d               1    0        unsigned char 
 Return value:  Size  Location     Type
                  2   57[BANK0 ] int 
 Registers used:
		wreg, fsr0l, fsr0h, fsr1l, fsr1h, status,2, status,0, pclath, cstack
 Tracked objects:
		On entry : 
		On exit  : 
		Unchanged: 
 Data sizes:     COMMON   BANK0   BANK1   BANK2   BANK3   BANK4   BANK5   BANK6
      Params:         0       5       0       0       0       0       0       0
      Locals:         0       0      23       0       0       0       0       0
      Temps:          0       6       0       0       0       0       0       0
      Totals:         0      11      23       0       0       0       0       0
Total ram usage:       34 bytes
 Hardware stack levels used:    1
 Hardware stack levels required when called:    3
 This function calls:
		___awdiv
		___ftadd
		___ftge
		___ftmul
		___ftneg
		___ftsub
		___fttol
		___lldiv
		___llmod
		___lltoft
		___wmul
		__div_to_l_
		__tdiv_to_l_
		_fround
		_scale
 This function is called by:
		_main
 This function uses a non-reentrant model


 *************** function _scale *****************
 Defined at:
		line 425 in file "C:\Program Files (x86)\Microchip\xc8\v1.44\sources\common\doprnt.c"
 Parameters:    Size  Location     Type
  scl             1    wreg     char 
 Auto vars:     Size  Location     Type
  scl             1   32[BANK0 ] char 
 Return value:  Size  Location     Type
                  3   24[BANK0 ] char 
 Registers used:
		wreg, fsr0l, fsr0h, status,2, status,0, pclath, cstack
 Tracked objects:
		On entry : 
		On exit  : 
		Unchanged: 
 Data sizes:     COMMON   BANK0   BANK1   BANK2   BANK3   BANK4   BANK5   BANK6
      Params:         0       3       0       0       0       0       0       0
      Locals:         0       4       0       0       0       0       0       0
      Temps:          0       2       0       0       0       0       0       0
      Totals:         0       9       0       0       0       0       0       0
Total ram usage:        9 bytes
 Hardware stack levels used:    1
 Hardware stack levels required when called:    2
 This function calls:
		___awdiv
		___awmod
		___ftmul
		___wmul
 This function is called by:
		_sprintf
 This function uses a non-reentrant model


 *************** function _fround *****************
 Defined at:
		line 409 in file "C:\Program Files (x86)\Microchip\xc8\v1.44\sources\common\doprnt.c"
 Parameters:    Size  Location     Type
  prec            1    wreg     unsigned char 
 Auto vars:     Size  Location     Type
  prec            1   37[BANK0 ] unsigned char 
 Return value:  Size  Location     Type
                  3   24[BANK0 ] unsigned char 
 Registers used:
		wreg, fsr0l, fsr0h, status,2, status,0, pclath, cstack
 Tracked objects:
		On entry : 
		On exit  : 
		Unchanged: 
 Data sizes:     COMMON   BANK0   BANK1   BANK2   BANK3   BANK4   BANK5   BANK6
      Params:         0       3       0       0       0       0       0       0
      Locals:         0       7       0       0       0       0       0       0
      Temps:          0       4       0       0       0       0       0       0
      Totals:         0      14       0       0       0       0       0       0
Total ram usage:       14 bytes
 Hardware stack levels used:    1
 Hardware stack levels required when called:    2
 This function calls:
		___awdiv
		___awmod
		___ftmul
		___wmul
 This function is called by:
		_sprintf
 This function uses a non-reentrant model


 *************** function ___wmul *****************
 Defined at:
		line 15 in file "C:\Program Files (x86)\Microchip\xc8\v1.44\sources\common\Umul16.c"
 Parameters:    Size  Location     Type
  multiplier      2    4[BANK0 ] unsigned int 
  multiplicand    2    6[BANK0 ] unsigned int 
 Auto vars:     Size  Location     Type
  product         2   12[COMMON] unsigned int 
 Return value:  Size  Location     Type
                  2    4[BANK0 ] unsigned int 
 Registers used:
		wreg, status,2, status,0
 Tracked objects:
		On entry : 
		On exit  : 
		Unchanged: 
 Data sizes:     COMMON   BANK0   BANK1   BANK2   BANK3   BANK4   BANK5   BANK6
      Params:         0       4       0       0       0       0       0       0
      Locals:         2       0       0       0       0       0       0       0
      Temps:          0       0       0       0       0       0       0       0
      Totals:         2       4       0       0       0       0       0       0
Total ram usage:        6 bytes
 Hardware stack levels used:    1
 This function calls:
		Nothing
 This function is called by:
		_main
		_fround
		_scale
		_sprintf
 This function uses a non-reentrant model


 *************** function ___ftmul *****************
 Defined at:
		line 62 in file "C:\Program Files (x86)\Microchip\xc8\v1.44\sources\common\ftmul.c"
 Parameters:    Size  Location     Type
  f1              3    8[BANK0 ] float 
  f2              3   11[BANK0 ] float 
 Auto vars:     Size  Location     Type
  f3_as_produc    3   19[BANK0 ] unsigned um
  sign            1   23[BANK0 ] unsigned char 
  cntr            1   22[BANK0 ] unsigned char 
  exp             1   18[BANK0 ] unsigned char 
 Return value:  Size  Location     Type
                  3    8[BANK0 ] float 
 Registers used:
		wreg, status,2, status,0, pclath, cstack
 Tracked objects:
		On entry : 
		On exit  : 
		Unchanged: 
 Data sizes:     COMMON   BANK0   BANK1   BANK2   BANK3   BANK4   BANK5   BANK6
      Params:         0       6       0       0       0       0       0       0
      Locals:         0       6       0       0       0       0       0       0
      Temps:          0       4       0       0       0       0       0       0
      Totals:         0      16       0       0       0       0       0       0
Total ram usage:       16 bytes
 Hardware stack levels used:    1
 Hardware stack levels required when called:    1
 This function calls:
		___ftpack
 This function is called by:
		_main
		_fround
		_scale
		_sprintf
 This function uses a non-reentrant model


 *************** function ___awmod *****************
 Defined at:
		line 6 in file "C:\Program Files (x86)\Microchip\xc8\v1.44\sources\common\awmod.c"
 Parameters:    Size  Location     Type
  divisor         2    0[COMMON] int 
  dividend        2    2[COMMON] int 
 Auto vars:     Size  Location     Type
  sign            1    6[COMMON] unsigned char 
  counter         1    5[COMMON] unsigned char 
 Return value:  Size  Location     Type
                  2    0[COMMON] int 
 Registers used:
		wreg, status,2, status,0
 Tracked objects:
		On entry : 
		On exit  : 
		Unchanged: 
 Data sizes:     COMMON   BANK0   BANK1   BANK2   BANK3   BANK4   BANK5   BANK6
      Params:         4       0       0       0       0       0       0       0
      Locals:         2       0       0       0       0       0       0       0
      Temps:          1       0       0       0       0       0       0       0
      Totals:         7       0       0       0       0       0       0       0
Total ram usage:        7 bytes
 Hardware stack levels used:    1
 This function calls:
		Nothing
 This function is called by:
		_fround
		_scale
 This function uses a non-reentrant model


 *************** function ___awdiv *****************
 Defined at:
		line 6 in file "C:\Program Files (x86)\Microchip\xc8\v1.44\sources\common\awdiv.c"
 Parameters:    Size  Location     Type
  divisor         2    7[COMMON] int 
  dividend        2    9[COMMON] int 
 Auto vars:     Size  Location     Type
  quotient        2    2[BANK0 ] int 
  sign            1    1[BANK0 ] unsigned char 
  counter         1    0[BANK0 ] unsigned char 
 Return value:  Size  Location     Type
                  2    7[COMMON] int 
 Registers used:
		wreg, status,2, status,0
 Tracked objects:
		On entry : 
		On exit  : 
		Unchanged: 
 Data sizes:     COMMON   BANK0   BANK1   BANK2   BANK3   BANK4   BANK5   BANK6
      Params:         4       0       0       0       0       0       0       0
      Locals:         0       4       0       0       0       0       0       0
      Temps:          1       0       0       0       0       0       0       0
      Totals:         5       4       0       0       0       0       0       0
Total ram usage:        9 bytes
 Hardware stack levels used:    1
 This function calls:
		Nothing
 This function is called by:
		_fround
		_scale
		_sprintf
 This function uses a non-reentrant model


 *************** function __tdiv_to_l_ *****************
 Defined at:
		line 60 in file "C:\Program Files (x86)\Microchip\xc8\v1.44\sources\common\ftdivl.c"
 Parameters:    Size  Location     Type
  f1              3    0[COMMON] float 
  f2              3    3[COMMON] float 
 Auto vars:     Size  Location     Type
  quot            4    0[BANK0 ] unsigned long 
  exp1            1    5[BANK0 ] unsigned char 
  cntr            1    4[BANK0 ] unsigned char 
 Return value:  Size  Location     Type
                  4    0[COMMON] unsigned long 
 Registers used:
		wreg, status,2, status,0
 Tracked objects:
		On entry : 
		On exit  : 
		Unchanged: 
 Data sizes:     COMMON   BANK0   BANK1   BANK2   BANK3   BANK4   BANK5   BANK6
      Params:         6       0       0       0       0       0       0       0
      Locals:         0       6       0       0       0       0       0       0
      Temps:          4       0       0       0       0       0       0       0
      Totals:        10       6       0       0       0       0       0       0
Total ram usage:       16 bytes
 Hardware stack levels used:    1
 This function calls:
		Nothing
 This function is called by:
		_sprintf
 This function uses a non-reentrant model


 *************** function __div_to_l_ *****************
 Defined at:
		line 60 in file "C:\Program Files (x86)\Microchip\xc8\v1.44\sources\common\fldivl.c"
 Parameters:    Size  Location     Type
  f1              3    0[COMMON] unsigned long 
  f2              3    3[COMMON] unsigned long 
 Auto vars:     Size  Location     Type
  quot            4    0[BANK0 ] unsigned long 
  exp1            1    5[BANK0 ] unsigned char 
  cntr            1    4[BANK0 ] unsigned char 
 Return value:  Size  Location     Type
                  4    0[COMMON] unsigned long 
 Registers used:
		wreg, fsr1l, fsr1h, status,2, status,0
 Tracked objects:
		On entry : 
		On exit  : 
		Unchanged: 
 Data sizes:     COMMON   BANK0   BANK1   BANK2   BANK3   BANK4   BANK5   BANK6
      Params:         6       0       0       0       0       0       0       0
      Locals:         0       6       0       0       0       0       0       0
      Temps:          8       0       0       0       0       0       0       0
      Totals:        14       6       0       0       0       0       0       0
Total ram usage:       20 bytes
 Hardware stack levels used:    1
 This function calls:
		Nothing
 This function is called by:
		_sprintf
 This function uses a non-reentrant model


 *************** function ___lltoft *****************
 Defined at:
		line 35 in file "C:\Program Files (x86)\Microchip\xc8\v1.44\sources\common\lltoft.c"
 Parameters:    Size  Location     Type
  c               4    8[COMMON] unsigned long 
 Auto vars:     Size  Location     Type
  exp             1   13[COMMON] unsigned char 
 Return value:  Size  Location     Type
                  3    8[COMMON] float 
 Registers used:
		wreg, status,2, status,0, pclath, cstack
 Tracked objects:
		On entry : 
		On exit  : 
		Unchanged: 
 Data sizes:     COMMON   BANK0   BANK1   BANK2   BANK3   BANK4   BANK5   BANK6
      Params:         4       0       0       0       0       0       0       0
      Locals:         1       0       0       0       0       0       0       0
      Temps:          1       0       0       0       0       0       0       0
      Totals:         6       0       0       0       0       0       0       0
Total ram usage:        6 bytes
 Hardware stack levels used:    1
 Hardware stack levels required when called:    1
 This function calls:
		___ftpack
 This function is called by:
		_sprintf
 This function uses a non-reentrant model


 *************** function ___llmod *****************
 Defined at:
		line 6 in file "C:\Program Files (x86)\Microchip\xc8\v1.44\sources\common\llmod.c"
 Parameters:    Size  Location     Type
  divisor         4    0[COMMON] unsigned long 
  dividend        4    4[COMMON] unsigned long 
 Auto vars:     Size  Location     Type
  counter         1    9[COMMON] unsigned char 
 Return value:  Size  Location     Type
                  4    0[COMMON] unsigned long 
 Registers used:
		wreg, status,2, status,0
 Tracked objects:
		On entry : 
		On exit  : 
		Unchanged: 
 Data sizes:     COMMON   BANK0   BANK1   BANK2   BANK3   BANK4   BANK5   BANK6
      Params:         8       0       0       0       0       0       0       0
      Locals:         1       0       0       0       0       0       0       0
      Temps:          1       0       0       0       0       0       0       0
      Totals:        10       0       0       0       0       0       0       0
Total ram usage:       10 bytes
 Hardware stack levels used:    1
 This function calls:
		Nothing
 This function is called by:
		_sprintf
 This function uses a non-reentrant model


 *************** function ___lldiv *****************
 Defined at:
		line 6 in file "C:\Program Files (x86)\Microchip\xc8\v1.44\sources\common\lldiv.c"
 Parameters:    Size  Location     Type
  divisor         4    0[COMMON] unsigned long 
  dividend        4    4[COMMON] unsigned long 
 Auto vars:     Size  Location     Type
  quotient        4    9[COMMON] unsigned long 
  counter         1   13[COMMON] unsigned char 
 Return value:  Size  Location     Type
                  4    0[COMMON] unsigned long 
 Registers used:
		wreg, status,2, status,0
 Tracked objects:
		On entry : 
		On exit  : 
		Unchanged: 
 Data sizes:     COMMON   BANK0   BANK1   BANK2   BANK3   BANK4   BANK5   BANK6
      Params:         8       0       0       0       0       0       0       0
      Locals:         5       0       0       0       0       0       0       0
      Temps:          1       0       0       0       0       0       0       0
      Totals:        14       0       0       0       0       0       0       0
Total ram usage:       14 bytes
 Hardware stack levels used:    1
 This function calls:
		Nothing
 This function is called by:
		_sprintf
 This function uses a non-reentrant model


 *************** function ___fttol *****************
 Defined at:
		line 44 in file "C:\Program Files (x86)\Microchip\xc8\v1.44\sources\common\fttol.c"
 Parameters:    Size  Location     Type
  f1              3   33[BANK0 ] float 
 Auto vars:     Size  Location     Type
  lval            4   42[BANK0 ] unsigned long 
  exp1            1   46[BANK0 ] unsigned char 
  sign1           1   41[BANK0 ] unsigned char 
 Return value:  Size  Location     Type
                  4   33[BANK0 ] long 
 Registers used:
		wreg, status,2, status,0
 Tracked objects:
		On entry : 
		On exit  : 
		Unchanged: 
 Data sizes:     COMMON   BANK0   BANK1   BANK2   BANK3   BANK4   BANK5   BANK6
      Params:         0       4       0       0       0       0       0       0
      Locals:         0       6       0       0       0       0       0       0
      Temps:          0       4       0       0       0       0       0       0
      Totals:         0      14       0       0       0       0       0       0
Total ram usage:       14 bytes
 Hardware stack levels used:    1
 This function calls:
		Nothing
 This function is called by:
		_sprintf
 This function uses a non-reentrant model


 *************** function ___ftsub *****************
 Defined at:
		line 18 in file "C:\Program Files (x86)\Microchip\xc8\v1.44\sources\common\ftsub.c"
 Parameters:    Size  Location     Type
  f2              3   51[BANK0 ] float 
  f1              3   54[BANK0 ] float 
 Auto vars:     Size  Location     Type
		None
 Return value:  Size  Location     Type
                  3   51[BANK0 ] float 
 Registers used:
		wreg, status,2, status,0, pclath, cstack
 Tracked objects:
		On entry : 
		On exit  : 
		Unchanged: 
 Data sizes:     COMMON   BANK0   BANK1   BANK2   BANK3   BANK4   BANK5   BANK6
      Params:         0       6       0       0       0       0       0       0
      Locals:         0       0       0       0       0       0       0       0
      Temps:          0       0       0       0       0       0       0       0
      Totals:         0       6       0       0       0       0       0       0
Total ram usage:        6 bytes
 Hardware stack levels used:    1
 Hardware stack levels required when called:    2
 This function calls:
		___ftadd
 This function is called by:
		_sprintf
 This function uses a non-reentrant model


 *************** function ___ftadd *****************
 Defined at:
		line 86 in file "C:\Program Files (x86)\Microchip\xc8\v1.44\sources\common\ftadd.c"
 Parameters:    Size  Location     Type
  f1              3   38[BANK0 ] float 
  f2              3   41[BANK0 ] float 
 Auto vars:     Size  Location     Type
  exp1            1   50[BANK0 ] unsigned char 
  exp2            1   49[BANK0 ] unsigned char 
  sign            1   48[BANK0 ] unsigned char 
 Return value:  Size  Location     Type
                  3   38[BANK0 ] float 
 Registers used:
		wreg, status,2, status,0, pclath, cstack
 Tracked objects:
		On entry : 
		On exit  : 
		Unchanged: 
 Data sizes:     COMMON   BANK0   BANK1   BANK2   BANK3   BANK4   BANK5   BANK6
      Params:         0       6       0       0       0       0       0       0
      Locals:         0       3       0       0       0       0       0       0
      Temps:          0       4       0       0       0       0       0       0
      Totals:         0      13       0       0       0       0       0       0
Total ram usage:       13 bytes
 Hardware stack levels used:    1
 Hardware stack levels required when called:    1
 This function calls:
		___ftpack
 This function is called by:
		_main
		_sprintf
		___ftsub
 This function uses a non-reentrant model


 *************** function ___ftneg *****************
 Defined at:
		line 15 in file "C:\Program Files (x86)\Microchip\xc8\v1.44\sources\common\ftneg.c"
 Parameters:    Size  Location     Type
  f1              3    0[COMMON] float 
 Auto vars:     Size  Location     Type
		None
 Return value:  Size  Location     Type
                  3    0[COMMON] float 
 Registers used:
		wreg
 Tracked objects:
		On entry : 
		On exit  : 
		Unchanged: 
 Data sizes:     COMMON   BANK0   BANK1   BANK2   BANK3   BANK4   BANK5   BANK6
      Params:         3       0       0       0       0       0       0       0
      Locals:         0       0       0       0       0       0       0       0
      Temps:          0       0       0       0       0       0       0       0
      Totals:         3       0       0       0       0       0       0       0
Total ram usage:        3 bytes
 Hardware stack levels used:    1
 This function calls:
		Nothing
 This function is called by:
		_main
		_sprintf
 This function uses a non-reentrant model


 *************** function ___ftge *****************
 Defined at:
		line 4 in file "C:\Program Files (x86)\Microchip\xc8\v1.44\sources\common\ftge.c"
 Parameters:    Size  Location     Type
  ff1             3    0[COMMON] float 
  ff2             3    3[COMMON] float 
 Auto vars:     Size  Location     Type
		None
 Return value:  Size  Location     Type
		None               void
 Registers used:
		wreg, status,2, status,0
 Tracked objects:
		On entry : 
		On exit  : 
		Unchanged: 
 Data sizes:     COMMON   BANK0   BANK1   BANK2   BANK3   BANK4   BANK5   BANK6
      Params:         6       0       0       0       0       0       0       0
      Locals:         0       0       0       0       0       0       0       0
      Temps:          3       0       0       0       0       0       0       0
      Totals:         9       0       0       0       0       0       0       0
Total ram usage:        9 bytes
 Hardware stack levels used:    1
 This function calls:
		Nothing
 This function is called by:
		_sprintf
 This function uses a non-reentrant model


 *************** function _clear *****************
 Defined at:
		line 138 in file "main.c"
 Parameters:    Size  Location     Type
		None
 Auto vars:     Size  Location     Type
		None
 Return value:  Size  Location     Type
                  1    wreg      void 
 Registers used:
		wreg, status,2, status,0, pclath, cstack
 Tracked objects:
		On entry : 
		On exit  : 
		Unchanged: 
 Data sizes:     COMMON   BANK0   BANK1   BANK2   BANK3   BANK4   BANK5   BANK6
      Params:         0       0       0       0       0       0       0       0
      Locals:         0       0       0       0       0       0       0       0
      Temps:          0       0       0       0       0       0       0       0
      Totals:         0       0       0       0       0       0       0       0
Total ram usage:        0 bytes
 Hardware stack levels used:    1
 Hardware stack levels required when called:    1
 This function calls:
		_Lcd_Cmd
 This function is called by:
		_main
 This function uses a non-reentrant model


 *************** function ___ftdiv *****************
 Defined at:
		line 56 in file "C:\Program Files (x86)\Microchip\xc8\v1.44\sources\common\ftdiv.c"
 Parameters:    Size  Location     Type
  f2              3    8[COMMON] float 
  f1              3   11[COMMON] float 
 Auto vars:     Size  Location     Type
  f3              3    5[BANK0 ] float 
  sign            1    9[BANK0 ] unsigned char 
  exp             1    8[BANK0 ] unsigned char 
  cntr            1    4[BANK0 ] unsigned char 
 Return value:  Size  Location     Type
                  3    8[COMMON] float 
 Registers used:
		wreg, status,2, status,0, pclath, cstack
 Tracked objects:
		On entry : 
		On exit  : 
		Unchanged: 
 Data sizes:     COMMON   BANK0   BANK1   BANK2   BANK3   BANK4   BANK5   BANK6
      Params:         6       0       0       0       0       0       0       0
      Locals:         0       6       0       0       0       0       0       0
      Temps:          0       4       0       0       0       0       0       0
      Totals:         6      10       0       0       0       0       0       0
Total ram usage:       16 bytes
 Hardware stack levels used:    1
 Hardware stack levels required when called:    1
 This function calls:
		___ftpack
 This function is called by:
		_main
 This function uses a non-reentrant model


 *************** function ___awtoft *****************
 Defined at:
		line 32 in file "C:\Program Files (x86)\Microchip\xc8\v1.44\sources\common\awtoft.c"
 Parameters:    Size  Location     Type
  c               2    8[BANK0 ] int 
 Auto vars:     Size  Location     Type
  sign            1   13[BANK0 ] unsigned char 
 Return value:  Size  Location     Type
                  3    8[BANK0 ] float 
 Registers used:
		wreg, status,2, status,0, pclath, cstack
 Tracked objects:
		On entry : 
		On exit  : 
		Unchanged: 
 Data sizes:     COMMON   BANK0   BANK1   BANK2   BANK3   BANK4   BANK5   BANK6
      Params:         0       3       0       0       0       0       0       0
      Locals:         0       1       0       0       0       0       0       0
      Temps:          0       2       0       0       0       0       0       0
      Totals:         0       6       0       0       0       0       0       0
Total ram usage:        6 bytes
 Hardware stack levels used:    1
 Hardware stack levels required when called:    1
 This function calls:
		___ftpack
 This function is called by:
		_main
 This function uses a non-reentrant model


 *************** function ___ftpack *****************
 Defined at:
		line 62 in file "C:\Program Files (x86)\Microchip\xc8\v1.44\sources\common\float.c"
 Parameters:    Size  Location     Type
  arg             3    0[COMMON] unsigned um
  exp             1    3[COMMON] unsigned char 
  sign            1    4[COMMON] unsigned char 
 Auto vars:     Size  Location     Type
		None
 Return value:  Size  Location     Type
                  3    0[COMMON] float 
 Registers used:
		wreg, status,2, status,0
 Tracked objects:
		On entry : 
		On exit  : 
		Unchanged: 
 Data sizes:     COMMON   BANK0   BANK1   BANK2   BANK3   BANK4   BANK5   BANK6
      Params:         5       0       0       0       0       0       0       0
      Locals:         0       0       0       0       0       0       0       0
      Temps:          3       0       0       0       0       0       0       0
      Totals:         8       0       0       0       0       0       0       0
Total ram usage:        8 bytes
 Hardware stack levels used:    1
 This function calls:
		Nothing
 This function is called by:
		___awtoft
		___ftadd
		___ftdiv
		___ftmul
		___lltoft
 This function uses a non-reentrant model


 *************** function _Lcd_Out *****************
 Defined at:
		line 94 in file "flex_lcd.h"
 Parameters:    Size  Location     Type
  y               1    wreg     unsigned char 
  x               1    3[COMMON] unsigned char 
  buffer          2    4[COMMON] PTR const unsigned char 
		 -> STR_11(6), main@buffer(20), 
 Auto vars:     Size  Location     Type
  y               1    7[COMMON] unsigned char 
  data            1    8[COMMON] unsigned char 
 Return value:  Size  Location     Type
                  1    wreg      void 
 Registers used:
		wreg, fsr0l, fsr0h, status,2, status,0, pclath, cstack
 Tracked objects:
		On entry : 
		On exit  : 
		Unchanged: 
 Data sizes:     COMMON   BANK0   BANK1   BANK2   BANK3   BANK4   BANK5   BANK6
      Params:         3       0       0       0       0       0       0       0
      Locals:         2       0       0       0       0       0       0       0
      Temps:          1       0       0       0       0       0       0       0
      Totals:         6       0       0       0       0       0       0       0
Total ram usage:        6 bytes
 Hardware stack levels used:    1
 Hardware stack levels required when called:    1
 This function calls:
		_Lcd_Chr_CP
		_Lcd_Cmd
 This function is called by:
		_main
 This function uses a non-reentrant model


 *************** function _Lcd_Chr_CP *****************
 Defined at:
		line 136 in file "flex_lcd.h"
 Parameters:    Size  Location     Type
  data            1    wreg     unsigned char 
 Auto vars:     Size  Location     Type
  data            1    2[COMMON] unsigned char 
 Return value:  Size  Location     Type
                  1    wreg      void 
 Registers used:
		wreg, status,2, status,0
 Tracked objects:
		On entry : 
		On exit  : 
		Unchanged: 
 Data sizes:     COMMON   BANK0   BANK1   BANK2   BANK3   BANK4   BANK5   BANK6
      Params:         0       0       0       0       0       0       0       0
      Locals:         1       0       0       0       0       0       0       0
      Temps:          2       0       0       0       0       0       0       0
      Totals:         3       0       0       0       0       0       0       0
Total ram usage:        3 bytes
 Hardware stack levels used:    1
 This function calls:
		Nothing
 This function is called by:
		_Lcd_Out
		_Lcd_Out2
 This function uses a non-reentrant model


 *************** function _Lcd_Init *****************
 Defined at:
		line 52 in file "flex_lcd.h"
 Parameters:    Size  Location     Type
		None
 Auto vars:     Size  Location     Type
  data            1    4[COMMON] unsigned char 
 Return value:  Size  Location     Type
                  1    wreg      void 
 Registers used:
		wreg, status,2, status,0, pclath, cstack
 Tracked objects:
		On entry : 
		On exit  : 
		Unchanged: 
 Data sizes:     COMMON   BANK0   BANK1   BANK2   BANK3   BANK4   BANK5   BANK6
      Params:         0       0       0       0       0       0       0       0
      Locals:         1       0       0       0       0       0       0       0
      Temps:          1       0       0       0       0       0       0       0
      Totals:         2       0       0       0       0       0       0       0
Total ram usage:        2 bytes
 Hardware stack levels used:    1
 Hardware stack levels required when called:    1
 This function calls:
		_Lcd_Cmd
 This function is called by:
		_main
 This function uses a non-reentrant model


 *************** function _Lcd_Cmd *****************
 Defined at:
		line 150 in file "flex_lcd.h"
 Parameters:    Size  Location     Type
  data            1    wreg     unsigned char 
 Auto vars:     Size  Location     Type
  data            1    2[COMMON] unsigned char 
 Return value:  Size  Location     Type
                  1    wreg      void 
 Registers used:
		wreg, status,2, status,0
 Tracked objects:
		On entry : 
		On exit  : 
		Unchanged: 
 Data sizes:     COMMON   BANK0   BANK1   BANK2   BANK3   BANK4   BANK5   BANK6
      Params:         0       0       0       0       0       0       0       0
      Locals:         1       0       0       0       0       0       0       0
      Temps:          2       0       0       0       0       0       0       0
      Totals:         3       0       0       0       0       0       0       0
Total ram usage:        3 bytes
 Hardware stack levels used:    1
 This function calls:
		Nothing
 This function is called by:
		_Lcd_Init
		_Lcd_Out
		_main
		_clear
		_Lcd_Out2
 This function uses a non-reentrant model


 *************** function _InitKeypad *****************
 Defined at:
		line 4 in file "Keypad.c"
 Parameters:    Size  Location     Type
		None
 Auto vars:     Size  Location     Type
		None
 Return value:  Size  Location     Type
                  1    wreg      void 
 Registers used:
		wreg, status,2, status,0
 Tracked objects:
		On entry : 
		On exit  : 
		Unchanged: 
 Data sizes:     COMMON   BANK0   BANK1   BANK2   BANK3   BANK4   BANK5   BANK6
      Params:         0       0       0       0       0       0       0       0
      Locals:         0       0       0       0       0       0       0       0
      Temps:          1       0       0       0       0       0       0       0
      Totals:         1       0       0       0       0       0       0       0
Total ram usage:        1 bytes
 Hardware stack levels used:    1
 This function calls:
		Nothing
 This function is called by:
		_main
 This function uses a non-reentrant model



MODULE INFORMATION

Module		Function		Class		Link	Load	Size
C:\Program Files (x86)\Microchip\xc8\v1.44\sources\common\awtoft.c
		___awtoft      		CODE           	10B3	0000	35

C:\Program Files (x86)\Microchip\xc8\v1.44\sources\common\awtoft.c estimated size: 35

C:\Program Files (x86)\Microchip\xc8\v1.44\sources\common\llmod.c
		___llmod       		CODE           	1138	0000	67

C:\Program Files (x86)\Microchip\xc8\v1.44\sources\common\llmod.c estimated size: 67

C:\Program Files (x86)\Microchip\xc8\v1.44\sources\common\lltoft.c
		___lltoft      		CODE           	10D5	0000	41

C:\Program Files (x86)\Microchip\xc8\v1.44\sources\common\lltoft.c estimated size: 41

C:\Program Files (x86)\Microchip\xc8\v1.44\sources\common\ftmul.c
		___ftmul       		CODE           	1539	0000	181

C:\Program Files (x86)\Microchip\xc8\v1.44\sources\common\ftmul.c estimated size: 181

C:\Program Files (x86)\Microchip\xc8\v1.44\sources\common\awmod.c
		___awmod       		CODE           	117A	0000	70

C:\Program Files (x86)\Microchip\xc8\v1.44\sources\common\awmod.c estimated size: 70

Keypad.c
		_InitKeypad    		CODE           	1061	0000	11
		_switch_press_scan		CODE           	106B	0000	15
		_keypad_scanner		CODE           	08ED	0000	324

Keypad.c estimated size: 350

C:\Program Files (x86)\Microchip\xc8\v1.44\sources\common\ftdiv.c
		___ftdiv       		CODE           	13E7	0000	169

C:\Program Files (x86)\Microchip\xc8\v1.44\sources\common\ftdiv.c estimated size: 169

C:\Program Files (x86)\Microchip\xc8\v1.44\sources\common\ftge.c
		___ftge        		CODE           	10FD	0000	60

C:\Program Files (x86)\Microchip\xc8\v1.44\sources\common\ftge.c estimated size: 60

C:\Program Files (x86)\Microchip\xc8\v1.44\sources\common\doprnt.c
		_scale         		CODE           	00A8	0000	581
		_sprintf       		CODE           	0B95	0000	1132
		_fround        		CODE           	0A30	0000	358

C:\Program Files (x86)\Microchip\xc8\v1.44\sources\common\doprnt.c estimated size: 2071

C:\Program Files (x86)\Microchip\xc8\v1.44\sources\common\ftdivl.c
		__tdiv_to_l_   		CODE           	0837	0000	183

C:\Program Files (x86)\Microchip\xc8\v1.44\sources\common\ftdivl.c estimated size: 183

C:\Program Files (x86)\Microchip\xc8\v1.44\sources\common\lldiv.c
		___lldiv       		CODE           	11BF	0000	83

C:\Program Files (x86)\Microchip\xc8\v1.44\sources\common\lldiv.c estimated size: 83

C:\Program Files (x86)\Microchip\xc8\v1.44\sources\common\Umul16.c
		___wmul        		CODE           	1079	0000	29

C:\Program Files (x86)\Microchip\xc8\v1.44\sources\common\Umul16.c estimated size: 29

flex_lcd.h
		_Lcd_Init      		CODE           	148F	0000	171
		_Lcd_Out       		CODE           	0800	0000	56
		_Lcd_Chr_CP    		CODE           	000B	0000	158
		_Lcd_Cmd       		CODE           	134E	0000	154

flex_lcd.h estimated size: 539

C:\Program Files (x86)\Microchip\xc8\v1.44\sources\common\fttol.c
		___fttol       		CODE           	12C7	0000	136

C:\Program Files (x86)\Microchip\xc8\v1.44\sources\common\fttol.c estimated size: 136

shared
		__powers_      		STRCODE        	1855	0000	40
		_dpowers       		STRCODE        	182D	0000	41
		__npowers_     		STRCODE        	1800	0000	40
		__initialization		CODE           	07D8	0000	38

shared estimated size: 159

C:\Program Files (x86)\Microchip\xc8\v1.44\sources\common\awdiv.c
		___awdiv       		CODE           	1211	0000	83

C:\Program Files (x86)\Microchip\xc8\v1.44\sources\common\awdiv.c estimated size: 83

C:\Program Files (x86)\Microchip\xc8\v1.44\sources\common\ftadd.c
		___ftadd       		CODE           	15ED	0000	247

C:\Program Files (x86)\Microchip\xc8\v1.44\sources\common\ftadd.c estimated size: 247

C:\Program Files (x86)\Microchip\xc8\v1.44\sources\common\fldivl.c
		__div_to_l_    		CODE           	16E3	0000	286

C:\Program Files (x86)\Microchip\xc8\v1.44\sources\common\fldivl.c estimated size: 286

C:\Program Files (x86)\Microchip\xc8\v1.44\sources\common\ftneg.c
		___ftneg       		CODE           	1059	0000	9

C:\Program Files (x86)\Microchip\xc8\v1.44\sources\common\ftneg.c estimated size: 9

main.c
		_main          		CODE           	02EC	0000	1261
		_clear         		CODE           	1049	0000	5

main.c estimated size: 1266

C:\Program Files (x86)\Microchip\xc8\v1.44\sources\common\ftsub.c
		___ftsub       		CODE           	1095	0000	31

C:\Program Files (x86)\Microchip\xc8\v1.44\sources\common\ftsub.c estimated size: 31

C:\Program Files (x86)\Microchip\xc8\v1.44\sources\common\float.c
		___ftpack      		CODE           	1263	0000	101

C:\Program Files (x86)\Microchip\xc8\v1.44\sources\common\float.c estimated size: 101

